// Jest Snapshot v1, https://goo.gl/fbAQLP

exports[`formElement common tests render + styles 1`] = `<wup-form />`;

exports[`formElement common tests render + styles 2`] = `
<style>
  .wup-hidden, [wup-hidden] {
position: absolute;
height:1px; width:1px;
overflow:hidden;
clip:rect(1px,1px,1px,1px);
min-width:initial;
padding:0;}
  :root {
          --base-bg: #fff;
          --base-text: #232323;
          --base-focus: #00778d;
          --base-btn-bg: #009fbc;
          --base-btn-text: #fff;
          --base-btn-focus: #005766;
          --base-btn2-bg: var(--base-btn-text);
          --base-btn2-text: var(--base-btn-bg);
          --base-btn3-bg: var(--base-bg);
          --base-btn3-text: inherit;
          --base-sep: #e4e4e4;
          --border-radius: 6px;
          --anim-time: 200ms;
          --anim: var(--anim-time) cubic-bezier(0, 0, 0.2, 1) 0ms;
        }
  :root {
      --btn-submit-bg: var(--base-btn-bg);
      --btn-submit-text: var(--base-btn-text);
      --btn-submit-focus: var(--base-btn-focus);
    }
  
        WUP-FORM {
          position: relative;
          display: block;
          max-width: 500px;
          margin: auto;
        }
        
WUP-FORM [type='submit'] {
  box-shadow: none;
  border: 1px solid var(--base-btn-bg);
  border-radius: var(--border-radius);
  box-sizing: border-box;
  padding: 0.5em;
  margin: 1em 0;
  min-width: 10em;
  cursor: pointer;
  font: inherit;
  font-weight: bold;
  background: var(--base-btn-bg);
  color: var(--base-btn-text);
  outline: none;
}
WUP-FORM [type='submit']:focus {
  border-color: var(--base-btn-focus);
}
@media (hover: hover) and (pointer: fine) {
  WUP-FORM [type='submit']:hover {
    box-shadow: inset 0 0 0 99999px rgba(0,0,0,0.2);
  }
}
WUP-FORM [type='submit'][disabled] {
  opacity: 0.3;
  cursor: not-allowed;
  -webkit-user-select: none;
  user-select: none;
}
WUP-FORM [type='submit'][aria-busy] {
  cursor: wait;
}
  :root {
        --ctrl-padding: 1.5em 1em 0.5em 1em;
        --ctrl-focus: var(--base-focus);
        --ctrl-focus-label: var(--base-focus);
        --ctrl-selected: var(--ctrl-focus-label);
        --ctrl-label: #5e5e5e;
        --ctrl-icon: var(--ctrl-label);
        --ctrl-icon-size: 1em;
        --ctrl-bg: var(--base-bg);
        --ctrl-border: #e6e6e6;
        --ctrl-border-radius: var(--border-radius);
        --ctrl-err-text: #ad0000;
        --ctrl-err-bg: #fff4fa;
        --ctrl-err-icon-valid: green;
        --ctrl-invalid-border: red;
        --wup-icon-cross: url("data:image/svg+xml,%3Csvg xmlns='http://www.w3.org/2000/svg' width='768' height='768'%3E%3Cpath d='M674.515 93.949a45.925 45.925 0 0 0-65.022 0L384.001 318.981 158.509 93.487a45.928 45.928 0 0 0-65.022 0c-17.984 17.984-17.984 47.034 0 65.018l225.492 225.494L93.487 609.491c-17.984 17.984-17.984 47.034 0 65.018s47.034 17.984 65.018 0l225.492-225.492 225.492 225.492c17.984 17.984 47.034 17.984 65.018 0s17.984-47.034 0-65.018L449.015 383.999l225.492-225.494c17.521-17.521 17.521-47.034 0-64.559z'/%3E%3C/svg%3E");
        --wup-icon-check: url("data:image/svg+xml,%3Csvg xmlns='http://www.w3.org/2000/svg' width='768' height='768'%3E%3Cpath d='M37.691 450.599 224.76 635.864c21.528 21.32 56.11 21.425 77.478 0l428.035-426.23c21.47-21.38 21.425-56.11 0-77.478s-56.11-21.425-77.478 0L263.5 519.647 115.168 373.12c-21.555-21.293-56.108-21.425-77.478 0s-21.425 56.108 0 77.478z'/%3E%3C/svg%3E");
        --wup-icon-dot: url("data:image/svg+xml,%3Csvg viewBox='0 0 100 100' xmlns='http://www.w3.org/2000/svg'%3E%3Ccircle cx='50' cy='50' r='20'/%3E%3C/svg%3E");
      }
  :root {
      --ctrl-clear-hover: rgba(255,0,0,0.1);
      --ctrl-clear-hover-size: 22px;
     }
  
      WUP-TEXT {
        contain: style;
        display: block;
        margin-bottom: 20px;
        box-shadow: 0 0 0 1px var(--ctrl-border);
        border-radius: var(--ctrl-border-radius);
        background: var(--ctrl-bg);
        cursor: pointer;
        -webkit-tap-highlight-color: transparent;
      }
      WUP-TEXT strong,
      WUP-TEXT legend {
        color: var(--ctrl-label);
        pointer-events: none;
      }
      WUP-TEXT:focus-within,
      WUP-TEXT:focus-within &gt; [menu] {
        z-index: 90010;
        box-shadow: 0 0 0 1px var(--ctrl-focus);
      }
      WUP-TEXT:focus-within strong,
      WUP-TEXT:focus-within legend {
        color: var(--ctrl-focus-label);
        pointer-events: initial;
      }
      [disabled] WUP-TEXT,
      WUP-TEXT[disabled] {
        opacity: 0.6;
        cursor: not-allowed;
        -webkit-user-select: none;
        user-select: none;
      }
      [disabled] WUP-TEXT &gt; *,
      WUP-TEXT[disabled] &gt; * {
        pointer-events: none;
      }
      WUP-TEXT[invalid],
      WUP-TEXT[invalid] &gt; [menu] {
        box-shadow: 0 0 3px 1px var(--ctrl-invalid-border);
      }
      WUP-TEXT label {
        display: flex;
        align-items: center;
        box-sizing: border-box;
        font: inherit;
        cursor: inherit;
        padding: var(--ctrl-padding);
        padding-top: 0;
        padding-bottom: 0;
      }
      WUP-TEXT input,
      WUP-TEXT textarea {
        padding: 0;
        margin: 0;
        cursor: inherit;
      }
      WUP-TEXT [contenteditable=true] {
        margin: var(--ctrl-padding);
        margin-left: 0;
        margin-right: 0;
        cursor: inherit;
      }
      WUP-TEXT strong {
        cursor: inherit;
      }
      WUP-TEXT strong:empty {
        display: none;
      }
      WUP-TEXT [aria-required="true"] + strong:after,
      WUP-TEXT fieldset[aria-required="true"] &gt; legend:after {
        content: "*";
        font-size: larger;
        font-weight: bolder;
        line-height: 0;
      }
      WUP-TEXT [error] {
        cursor: pointer;
        font-size: small;
        color: var(--ctrl-err-text);
        background: var(--ctrl-err-bg);
        max-height: 3em;
        overflow: auto;
        overflow: overlay;
      }
      WUP-TEXT [error] ul {
        margin:0; padding:2px 4px 2px;
      }
      WUP-TEXT [error] li {
        display: flex;
        align-items: center;
        margin-left: -5px;
      }
      WUP-TEXT [error] li:before {
        content: '';
        --ctrl-icon-img: var(--wup-icon-dot);
        --ctrl-icon: var(--ctrl-err-text);
        
display: inline-block;
width: var(--ctrl-icon-size);
min-height: var(--ctrl-icon-size);
box-sizing: content-box;
margin: 0;
padding: 5px;
flex: 0 0 auto;
align-self: stretch;
border: none;
box-shadow: none;
background: var(--ctrl-icon);
-webkit-mask-size: var(--ctrl-icon-size);
mask-size: var(--ctrl-icon-size);
-webkit-mask-repeat: no-repeat;
mask-repeat: no-repeat;
-webkit-mask-position: center;
mask-position: center;
-webkit-mask-image: var(--ctrl-icon-img);
mask-image: var(--ctrl-icon-img);
      }
      WUP-TEXT [error] li[valid] {
        color: var(--ctrl-err-icon-valid);
      }
      WUP-TEXT [error] li[valid]:before {
        content: '';
        --ctrl-icon-img: var(--wup-icon-check);
        --ctrl-icon: var(--ctrl-err-icon-valid);
      }
      WUP-TEXT:focus-within [error] {
        max-height: none;
      }
      @media (hover: hover) and (pointer: fine) {
        /*WUP-TEXT:hover {
          z-index: 90011;
        }
        WUP-TEXT:hover [error] {
          max-height: none;
        }*/
        WUP-TEXT:hover,
        WUP-TEXT:hover&gt;[menu],
        WUP-TEXT[hovered],
        WUP-TEXT[hovered]&gt;[menu] {
          box-shadow: 0 0 3px 1px var(--ctrl-focus);
        }
        WUP-TEXT[invalid]:hover,
        WUP-TEXT[invalid]:hover&gt;[menu],
        WUP-TEXT[invalid][hovered],
        WUP-TEXT[invalid][hovered]&gt;[menu] {
          box-shadow: 0 0 3px 1px var(--ctrl-invalid-border);
        }
      }
        WUP-TEXT {
          contain: style;
          cursor: text;
        }
        WUP-TEXT label &gt; span {
          width: 100%;
          position: relative;
          display: flex;
          flex-direction: row-reverse;
        }
        WUP-TEXT input,
        WUP-TEXT textarea,
        WUP-TEXT [maskholder],
        WUP-TEXT [prefix],
        WUP-TEXT [postfix] {
          padding: var(--ctrl-padding);
          padding-left: 0;
          padding-right: 0;
          font: inherit;
          color: inherit;
          margin: 0;
          text-overflow: ellipsis;
          overflow: hidden;
          white-space: nowrap;
        }
        WUP-TEXT input,
        WUP-TEXT textarea,
        WUP-TEXT [contenteditable=true],
        WUP-TEXT [maskholder],
        WUP-TEXT [postfix] {
          width: 100%;
          box-sizing: border-box;
          border: none;
          background: none;
          outline: none;
        }
        WUP-TEXT [prefix],
        WUP-TEXT [postfix] {
          color: var(--ctrl-label);
          flex-shrink: 0;
        }
        WUP-TEXT [maskholder],
        WUP-TEXT [prefix],
        WUP-TEXT [postfix] {
          display: none;
          pointer-events: none;
          text-overflow: initial;
          white-space: pre;
        }
        WUP-TEXT [postfix] {
          position: absolute;
        }
        WUP-TEXT [maskholder] {
          position: absolute;
          opacity: 0.65;
        }
        WUP-TEXT [maskholder]&gt;i,
        WUP-TEXT [postfix]&gt;i {
          visibility: hidden;
          font: inherit;
          white-space: pre;
        }
        WUP-TEXT input:-webkit-autofill,
        WUP-TEXT textarea:-webkit-autofill,
        WUP-TEXT [contenteditable=true]:-webkit-autofill {
          font: inherit;
          -webkit-background-clip: text;
        }
        WUP-TEXT input:autofill,
        WUP-TEXT textarea:autofill,
        WUP-TEXT [contenteditable=true]:autofill {
          font: inherit;
          background-clip: text;
        }
        WUP-TEXT strong {
          display: block;
          position: absolute;
          top: 50%;
          left: 0;
          padding: 0;
          margin: 0;
          box-sizing: border-box;
          max-width: 100%;
          text-overflow: ellipsis;
          overflow: hidden;
          white-space: nowrap;
          transform-origin: top left;
          transform: translateY(-50%);
          font-weight: normal;
          text-decoration: none;
        }
        @media not all and (prefers-reduced-motion) {
          WUP-TEXT strong {
            transition: top var(--anim), transform var(--anim), color var(--anim);
          }
        }
        WUP-TEXT input:not(:focus)::placeholder,
        WUP-TEXT textarea:not(:focus)::placeholder {
          color: transparent;
        }
        WUP-TEXT:focus-within strong,
        WUP-TEXT input:not(:placeholder-shown) + strong,
        WUP-TEXT textarea:not(:placeholder-shown) + strong,
        WUP-TEXT [contenteditable=true]:not(:empty) + strong,
        WUP-TEXT legend {
          top: 0.2em;
          transform: scale(0.9);
        }
        WUP-TEXT:focus-within [maskholder],
        WUP-TEXT:focus-within [prefix],
        WUP-TEXT:focus-within [postfix],
        WUP-TEXT input:not(:placeholder-shown) ~ [prefix],
        WUP-TEXT input:not(:placeholder-shown) ~ [postfix],
        WUP-TEXT textarea:not(:placeholder-shown) ~ [prefix],
        WUP-TEXT textarea:not(:placeholder-shown) ~ [postfix] {
          display: inline-block;
        }
        /* style for icons */
        WUP-TEXT label button,
        WUP-TEXT label button:after,
        WUP-TEXT label:after,
        WUP-TEXT label:before {
          
display: inline-block;
width: var(--ctrl-icon-size);
min-height: var(--ctrl-icon-size);
box-sizing: content-box;
margin: 0;
padding: 5px;
flex: 0 0 auto;
align-self: stretch;
border: none;
box-shadow: none;
background: var(--ctrl-icon);
-webkit-mask-size: var(--ctrl-icon-size);
mask-size: var(--ctrl-icon-size);
-webkit-mask-repeat: no-repeat;
mask-repeat: no-repeat;
-webkit-mask-position: center;
mask-position: center;
-webkit-mask-image: var(--ctrl-icon-img);
mask-image: var(--ctrl-icon-img);
          -webkit-mask-image: none;
          mask-image: none;
        }
        WUP-TEXT label:after {
          cursor: pointer;
          margin-right: calc(var(--ctrl-icon-size) / -2);
        }
        WUP-TEXT label:before {
          cursor: pointer;
          margin-left: calc(var(--ctrl-icon-size) / -2);
        }
        WUP-TEXT label button {
          contain: strict;
          position: relative;
          z-index: 1;
          font-size: inherit;
        }
        WUP-TEXT label&gt;span + button {
          margin-right: -0.5em;
        }
        WUP-TEXT button[clear] {
          align-self: center;
          background: none;
          cursor: pointer;
        }
        WUP-TEXT button[clear]:after {
          content: "";
          padding: 0;
          -webkit-mask-image: var(--wup-icon-cross);
          mask-image: var(--wup-icon-cross);
        }
        WUP-TEXT button[clear]:after,
        WUP-TEXT button[clear]:before {
          position: absolute;
          top: 50%; left: 50%;
          transform: translate(-50%, -50%);
          width: 100%;
        }
        WUP-TEXT button[clear]:before {
          width: var(--ctrl-clear-hover-size);
          padding-top: var(--ctrl-clear-hover-size);
        }
        WUP-TEXT[disabled] button[clear],
        WUP-TEXT[readonly] button[clear],
        WUP-TEXT[required] button[clear] {
          display: none;
        }
        @media (hover: hover) and (pointer: fine) {
          WUP-TEXT button[clear]:hover {
            box-shadow: none;
          }
          WUP-TEXT button[clear]:hover:before {
            content: "";
            border-radius: 50%;
            box-shadow: inset 0 0 0 99999px var(--ctrl-clear-hover);
          }
          WUP-TEXT button[clear]:hover:after {
            background-color: var(--ctrl-err-text);
          }
          WUP-TEXT[readonly] button[clear] {
            pointer-events: none;
          }
        }
</style>
`;
